// Vitest Snapshot v1, https://vitest.dev/guide/snapshot.html

exports[`Page: MetersList > should render a list of meters correctly 1`] = `
<div
  class="max-w-screen-lg mx-auto px-6"
>
  <div
    class="flex justify-between items-center"
  >
    <h1
      class="font-semibold text-xl text-zinc-700"
    >
      Your meters
    </h1>
    <a
      href="/create-meter"
    >
      <button
        class="inline-flex items-center justify-center whitespace-nowrap rounded-md text-sm font-medium ring-offset-background transition-colors focus-visible:outline-none focus-visible:ring-2 focus-visible:ring-ring focus-visible:ring-offset-2 disabled:pointer-events-none disabled:opacity-50 bg-amber-600 text-zinc-50 hover:bg-amber-700 h-10 px-4 py-2"
      >
        Add new meter
      </button>
    </a>
  </div>
  <div
    class="relative w-full overflow-auto"
  >
    <table
      class="w-full caption-bottom text-sm border border-zinc-200 mt-4"
    >
      <thead
        class="[&_tr]:border-b"
      >
        <tr
          class="border-b transition-colors hover:bg-muted/50 data-[state=selected]:bg-muted"
        >
          <th
            class="h-12 px-4 text-left align-middle font-semibold text-zinc-700 [&:has([role=checkbox])]:pr-0"
          >
            <div
              class="flex items-center gap-2"
            >
              Display Name
              <button
                class="inline-flex items-center justify-center whitespace-nowrap text-sm font-medium ring-offset-background transition-colors focus-visible:outline-none focus-visible:ring-2 focus-visible:ring-ring focus-visible:ring-offset-2 disabled:pointer-events-none disabled:opacity-50 hover:bg-accent hover:text-accent-foreground h-9 rounded-md px-3"
                title="Sort table by Display Name field"
              >
                <svg
                  class="lucide lucide-arrow-up-down size-4 text-zinc-800"
                  fill="none"
                  height="24"
                  stroke="currentColor"
                  stroke-linecap="round"
                  stroke-linejoin="round"
                  stroke-width="2"
                  viewBox="0 0 24 24"
                  width="24"
                  xmlns="http://www.w3.org/2000/svg"
                >
                  <path
                    d="m21 16-4 4-4-4"
                  />
                  <path
                    d="M17 20V4"
                  />
                  <path
                    d="m3 8 4-4 4 4"
                  />
                  <path
                    d="M7 4v16"
                  />
                </svg>
              </button>
            </div>
          </th>
          <th
            class="h-12 px-4 text-left align-middle font-semibold text-zinc-700 [&:has([role=checkbox])]:pr-0"
          >
            <div
              class="flex items-center gap-2"
            >
              API Name
              <button
                class="inline-flex items-center justify-center whitespace-nowrap text-sm font-medium ring-offset-background transition-colors focus-visible:outline-none focus-visible:ring-2 focus-visible:ring-ring focus-visible:ring-offset-2 disabled:pointer-events-none disabled:opacity-50 hover:bg-accent hover:text-accent-foreground h-9 rounded-md px-3"
                title="Sort table by API Name field"
              >
                <svg
                  class="lucide lucide-arrow-up-down size-4 text-zinc-800"
                  fill="none"
                  height="24"
                  stroke="currentColor"
                  stroke-linecap="round"
                  stroke-linejoin="round"
                  stroke-width="2"
                  viewBox="0 0 24 24"
                  width="24"
                  xmlns="http://www.w3.org/2000/svg"
                >
                  <path
                    d="m21 16-4 4-4-4"
                  />
                  <path
                    d="M17 20V4"
                  />
                  <path
                    d="m3 8 4-4 4 4"
                  />
                  <path
                    d="M7 4v16"
                  />
                </svg>
              </button>
            </div>
          </th>
          <th
            class="h-12 px-4 text-left align-middle font-semibold text-zinc-700 [&:has([role=checkbox])]:pr-0"
          >
            <div
              class="flex items-center gap-2"
            >
              Meter Type
              <button
                class="inline-flex items-center justify-center whitespace-nowrap text-sm font-medium ring-offset-background transition-colors focus-visible:outline-none focus-visible:ring-2 focus-visible:ring-ring focus-visible:ring-offset-2 disabled:pointer-events-none disabled:opacity-50 hover:bg-accent hover:text-accent-foreground h-9 rounded-md px-3"
                title="Sort table by Meter Type field"
              >
                <svg
                  class="lucide lucide-arrow-up-down size-4 text-zinc-800"
                  fill="none"
                  height="24"
                  stroke="currentColor"
                  stroke-linecap="round"
                  stroke-linejoin="round"
                  stroke-width="2"
                  viewBox="0 0 24 24"
                  width="24"
                  xmlns="http://www.w3.org/2000/svg"
                >
                  <path
                    d="m21 16-4 4-4-4"
                  />
                  <path
                    d="M17 20V4"
                  />
                  <path
                    d="m3 8 4-4 4 4"
                  />
                  <path
                    d="M7 4v16"
                  />
                </svg>
              </button>
            </div>
          </th>
          <th
            class="h-12 px-4 text-left align-middle font-semibold text-zinc-700 [&:has([role=checkbox])]:pr-0"
          >
            <div
              class="flex items-center gap-2"
            >
              Status
              <button
                class="inline-flex items-center justify-center whitespace-nowrap text-sm font-medium ring-offset-background transition-colors focus-visible:outline-none focus-visible:ring-2 focus-visible:ring-ring focus-visible:ring-offset-2 disabled:pointer-events-none disabled:opacity-50 hover:bg-accent hover:text-accent-foreground h-9 rounded-md px-3"
                title="Sort table by Status field"
              >
                <svg
                  class="lucide lucide-arrow-up-down size-4 text-zinc-800"
                  fill="none"
                  height="24"
                  stroke="currentColor"
                  stroke-linecap="round"
                  stroke-linejoin="round"
                  stroke-width="2"
                  viewBox="0 0 24 24"
                  width="24"
                  xmlns="http://www.w3.org/2000/svg"
                >
                  <path
                    d="m21 16-4 4-4-4"
                  />
                  <path
                    d="M17 20V4"
                  />
                  <path
                    d="m3 8 4-4 4 4"
                  />
                  <path
                    d="M7 4v16"
                  />
                </svg>
              </button>
            </div>
          </th>
          <th
            class="h-12 px-4 text-left align-middle font-semibold text-zinc-700 [&:has([role=checkbox])]:pr-0"
          >
            <div
              class="flex items-center gap-2"
            >
              Used for billing
              <button
                class="inline-flex items-center justify-center whitespace-nowrap text-sm font-medium ring-offset-background transition-colors focus-visible:outline-none focus-visible:ring-2 focus-visible:ring-ring focus-visible:ring-offset-2 disabled:pointer-events-none disabled:opacity-50 hover:bg-accent hover:text-accent-foreground h-9 rounded-md px-3"
                title="Sort table by Used for billing field"
              >
                <svg
                  class="lucide lucide-arrow-up-down size-4 text-zinc-800"
                  fill="none"
                  height="24"
                  stroke="currentColor"
                  stroke-linecap="round"
                  stroke-linejoin="round"
                  stroke-width="2"
                  viewBox="0 0 24 24"
                  width="24"
                  xmlns="http://www.w3.org/2000/svg"
                >
                  <path
                    d="m21 16-4 4-4-4"
                  />
                  <path
                    d="M17 20V4"
                  />
                  <path
                    d="m3 8 4-4 4 4"
                  />
                  <path
                    d="M7 4v16"
                  />
                </svg>
              </button>
            </div>
          </th>
          <th
            class="h-12 px-4 text-left align-middle font-semibold text-zinc-700 [&:has([role=checkbox])]:pr-0"
          >
            <div
              class="flex items-center gap-2"
            >
              Modified
              <button
                class="inline-flex items-center justify-center whitespace-nowrap text-sm font-medium ring-offset-background transition-colors focus-visible:outline-none focus-visible:ring-2 focus-visible:ring-ring focus-visible:ring-offset-2 disabled:pointer-events-none disabled:opacity-50 hover:bg-accent hover:text-accent-foreground h-9 rounded-md px-3"
                title="Sort table by Modified field"
              >
                <svg
                  class="lucide lucide-arrow-up-down size-4 text-zinc-800"
                  fill="none"
                  height="24"
                  stroke="currentColor"
                  stroke-linecap="round"
                  stroke-linejoin="round"
                  stroke-width="2"
                  viewBox="0 0 24 24"
                  width="24"
                  xmlns="http://www.w3.org/2000/svg"
                >
                  <path
                    d="m21 16-4 4-4-4"
                  />
                  <path
                    d="M17 20V4"
                  />
                  <path
                    d="m3 8 4-4 4 4"
                  />
                  <path
                    d="M7 4v16"
                  />
                </svg>
              </button>
            </div>
          </th>
        </tr>
      </thead>
      <tbody
        class="[&_tr:last-child]:border-0"
      >
        <tr
          class="border-b transition-colors hover:bg-muted/50 data-[state=selected]:bg-muted cursor-pointer"
        >
          <td
            class="p-4 align-middle [&:has([role=checkbox])]:pr-0"
            data-testid="meter-display-name"
          >
            Logins
          </td>
          <td
            class="p-4 align-middle [&:has([role=checkbox])]:pr-0 italic"
          >
            LOGINS
          </td>
          <td
            class="p-4 align-middle [&:has([role=checkbox])]:pr-0 italic"
          >
            unique_count
          </td>
          <td
            class="p-4 align-middle [&:has([role=checkbox])]:pr-0"
          >
            <div
              class="p-1 text-xs font-semibold text-zinc-50 text-center rounded-full opacity-95 bg-red-600"
            >
              Inactive
            </div>
          </td>
          <td
            class="p-4 align-middle [&:has([role=checkbox])]:pr-0"
          >
            No
          </td>
          <td
            class="p-4 align-middle [&:has([role=checkbox])]:pr-0"
          >
            4/19/2023, 1:36:30 AM
          </td>
        </tr>
        <tr
          class="border-b transition-colors hover:bg-muted/50 data-[state=selected]:bg-muted cursor-pointer"
        >
          <td
            class="p-4 align-middle [&:has([role=checkbox])]:pr-0"
            data-testid="meter-display-name"
          >
            API Calls
          </td>
          <td
            class="p-4 align-middle [&:has([role=checkbox])]:pr-0 italic"
          >
            API_CALLS
          </td>
          <td
            class="p-4 align-middle [&:has([role=checkbox])]:pr-0 italic"
          >
            sum
          </td>
          <td
            class="p-4 align-middle [&:has([role=checkbox])]:pr-0"
          >
            <div
              class="p-1 text-xs font-semibold text-zinc-50 text-center rounded-full opacity-95 bg-green-600"
            >
              Active
            </div>
          </td>
          <td
            class="p-4 align-middle [&:has([role=checkbox])]:pr-0"
          >
            Yes
          </td>
          <td
            class="p-4 align-middle [&:has([role=checkbox])]:pr-0"
          >
            6/7/2023, 5:09:22 PM
          </td>
        </tr>
      </tbody>
    </table>
  </div>
</div>
`;
